2026-07-19 19:42:20,035 - aqt.main - INFO - installer 25176 aqtinstall(aqt) v3.3.0 on Python 3.11.9 [CPython MSC v.1938 64 bit (AMD64)]
2026-07-19 19:42:53,797 - aqt.main - INFO - installer 15740 aqtinstall(aqt) v3.3.0 on Python 3.11.9 [CPython MSC v.1938 64 bit (AMD64)]
2026-07-19 19:42:53,797 - aqt.helper - DEBUG - helper 15740 Attempt to download checksum at https://download.qt.io/online/qtsdkrepository/windows_x86/desktop/qt6_6103/qt6_6103/Updates.xml.sha256
2026-07-19 19:42:54,869 - aqt.helper - DEBUG - helper 15740 Attempt to download checksum at https://download.qt.io/online/qtsdkrepository/windows_x86/extensions/qtwebengine/6103/msvc2022_64/Updates.xml.sha256
2026-07-19 19:42:55,737 - aqt.archives - INFO - archives 15740 Found extension qtwebengine
2026-07-19 19:42:55,738 - aqt.helper - DEBUG - helper 15740 Attempt to download checksum at https://download.qt.io/online/qtsdkrepository/windows_x86/extensions/qtpdf/6103/msvc2022_64/Updates.xml.sha256
2026-07-19 19:42:56,683 - aqt.archives - INFO - archives 15740 Found extension qtpdf
2026-07-19 19:42:57,396 - aqt.helper - DEBUG - helper 7748 Attempt to download checksum at https://download.qt.io/online/qtsdkrepository/windows_x86/desktop/qt6_6103/qt6_6103/qt.qt6.6103.win64_msvc2022_64/6.10.3-0-202603310407qtbase-Windows-Windows_11_24H2-MSVC2022-Windows-Windows_11_24H2-X86_64.7z.sha256
2026-07-19 19:42:57,443 - aqt.helper - DEBUG - helper 4824 Attempt to download checksum at https://download.qt.io/online/qtsdkrepository/windows_x86/desktop/qt6_6103/qt6_6103/qt.qt6.6103.win64_msvc2022_64/6.10.3-0-202603310407qtsvg-Windows-Windows_11_24H2-MSVC2022-Windows-Windows_11_24H2-X86_64.7z.sha256
2026-07-19 19:42:57,490 - aqt.helper - DEBUG - helper 16240 Attempt to download checksum at https://download.qt.io/online/qtsdkrepository/windows_x86/desktop/qt6_6103/qt6_6103/qt.qt6.6103.win64_msvc2022_64/6.10.3-0-202603310407qtdeclarative-Windows-Windows_11_24H2-MSVC2022-Windows-Windows_11_24H2-X86_64.7z.sha256
2026-07-19 19:42:57,506 - aqt.helper - DEBUG - helper 16612 Attempt to download checksum at https://download.qt.io/online/qtsdkrepository/windows_x86/desktop/qt6_6103/qt6_6103/qt.qt6.6103.win64_msvc2022_64/6.10.3-0-202603310407qttools-Windows-Windows_11_24H2-MSVC2022-Windows-Windows_11_24H2-X86_64.7z.sha256
2026-07-19 19:42:57,823 - aqt.helper - INFO - helper 7748 Downloading qtbase...
2026-07-19 19:42:57,823 - aqt.installer - DEBUG - installer 7748 Download URL: https://download.qt.io/online/qtsdkrepository/windows_x86/desktop/qt6_6103/qt6_6103/qt.qt6.6103.win64_msvc2022_64/6.10.3-0-202603310407qtbase-Windows-Windows_11_24H2-MSVC2022-Windows-Windows_11_24H2-X86_64.7z
2026-07-19 19:42:57,868 - aqt.helper - INFO - helper 4824 Downloading qtsvg...
2026-07-19 19:42:57,868 - aqt.installer - DEBUG - installer 4824 Download URL: https://download.qt.io/online/qtsdkrepository/windows_x86/desktop/qt6_6103/qt6_6103/qt.qt6.6103.win64_msvc2022_64/6.10.3-0-202603310407qtsvg-Windows-Windows_11_24H2-MSVC2022-Windows-Windows_11_24H2-X86_64.7z
2026-07-19 19:42:57,895 - aqt.helper - INFO - helper 16240 Downloading qtdeclarative...
2026-07-19 19:42:57,895 - aqt.installer - DEBUG - installer 16240 Download URL: https://download.qt.io/online/qtsdkrepository/windows_x86/desktop/qt6_6103/qt6_6103/qt.qt6.6103.win64_msvc2022_64/6.10.3-0-202603310407qtdeclarative-Windows-Windows_11_24H2-MSVC2022-Windows-Windows_11_24H2-X86_64.7z
2026-07-19 19:42:57,928 - aqt.helper - INFO - helper 16612 Downloading qttools...
2026-07-19 19:42:57,928 - aqt.installer - DEBUG - installer 16612 Download URL: https://download.qt.io/online/qtsdkrepository/windows_x86/desktop/qt6_6103/qt6_6103/qt.qt6.6103.win64_msvc2022_64/6.10.3-0-202603310407qttools-Windows-Windows_11_24H2-MSVC2022-Windows-Windows_11_24H2-X86_64.7z
2026-07-19 19:42:58,252 - aqt.helper - DEBUG - helper 7748 Asked to redirect(302) to: https://ftp.jaist.ac.jp/pub/qtproject/online/qtsdkrepository/windows_x86/desktop/qt6_6103/qt6_6103/qt.qt6.6103.win64_msvc2022_64/6.10.3-0-202603310407qtbase-Windows-Windows_11_24H2-MSVC2022-Windows-Windows_11_24H2-X86_64.7z
2026-07-19 19:42:58,252 - aqt.helper - INFO - helper 7748 Redirected: ftp.jaist.ac.jp
2026-07-19 19:42:58,257 - aqt.helper - DEBUG - helper 4824 Asked to redirect(302) to: https://ftp.jaist.ac.jp/pub/qtproject/online/qtsdkrepository/windows_x86/desktop/qt6_6103/qt6_6103/qt.qt6.6103.win64_msvc2022_64/6.10.3-0-202603310407qtsvg-Windows-Windows_11_24H2-MSVC2022-Windows-Windows_11_24H2-X86_64.7z
2026-07-19 19:42:58,257 - aqt.helper - INFO - helper 4824 Redirected: ftp.jaist.ac.jp
2026-07-19 19:42:58,309 - aqt.helper - DEBUG - helper 16240 Asked to redirect(302) to: https://ftp.jaist.ac.jp/pub/qtproject/online/qtsdkrepository/windows_x86/desktop/qt6_6103/qt6_6103/qt.qt6.6103.win64_msvc2022_64/6.10.3-0-202603310407qtdeclarative-Windows-Windows_11_24H2-MSVC2022-Windows-Windows_11_24H2-X86_64.7z
2026-07-19 19:42:58,309 - aqt.helper - INFO - helper 16240 Redirected: ftp.jaist.ac.jp
2026-07-19 19:42:58,324 - aqt.helper - DEBUG - helper 16612 Asked to redirect(302) to: https://ftp.jaist.ac.jp/pub/qtproject/online/qtsdkrepository/windows_x86/desktop/qt6_6103/qt6_6103/qt.qt6.6103.win64_msvc2022_64/6.10.3-0-202603310407qttools-Windows-Windows_11_24H2-MSVC2022-Windows-Windows_11_24H2-X86_64.7z
2026-07-19 19:42:58,324 - aqt.helper - INFO - helper 16612 Redirected: ftp.jaist.ac.jp
2026-07-19 19:43:02,468 - aqt.installer - INFO - installer 4824 Finished installation of qtsvg-Windows-Windows_11_24H2-MSVC2022-Windows-Windows_11_24H2-X86_64.7z in 5.02613530
2026-07-19 19:43:02,475 - aqt.helper - DEBUG - helper 4824 Attempt to download checksum at https://download.qt.io/online/qtsdkrepository/windows_x86/desktop/qt6_6103/qt6_6103/qt.qt6.6103.win64_msvc2022_64/6.10.3-0-202603310407qttranslations-Windows-Windows_11_24H2-MSVC2022-Windows-Windows_11_24H2-X86_64.7z.sha256
2026-07-19 19:43:02,897 - aqt.helper - INFO - helper 4824 Downloading qttranslations...
2026-07-19 19:43:02,897 - aqt.installer - DEBUG - installer 4824 Download URL: https://download.qt.io/online/qtsdkrepository/windows_x86/desktop/qt6_6103/qt6_6103/qt.qt6.6103.win64_msvc2022_64/6.10.3-0-202603310407qttranslations-Windows-Windows_11_24H2-MSVC2022-Windows-Windows_11_24H2-X86_64.7z
2026-07-19 19:43:03,316 - aqt.helper - DEBUG - helper 4824 Asked to redirect(302) to: https://ftp.jaist.ac.jp/pub/qtproject/online/qtsdkrepository/windows_x86/desktop/qt6_6103/qt6_6103/qt.qt6.6103.win64_msvc2022_64/6.10.3-0-202603310407qttranslations-Windows-Windows_11_24H2-MSVC2022-Windows-Windows_11_24H2-X86_64.7z
2026-07-19 19:43:03,316 - aqt.helper - INFO - helper 4824 Redirected: ftp.jaist.ac.jp
2026-07-19 19:43:12,055 - aqt.installer - INFO - installer 4824 Finished installation of qttranslations-Windows-Windows_11_24H2-MSVC2022-Windows-Windows_11_24H2-X86_64.7z in 9.58061630
2026-07-19 19:43:12,062 - aqt.helper - DEBUG - helper 4824 Attempt to download checksum at https://download.qt.io/online/qtsdkrepository/windows_x86/desktop/qt6_6103/qt6_6103/qt.qt6.6103.win64_msvc2022_64/6.10.3-0-202603310407d3dcompiler_47-x64.7z.sha256
2026-07-19 19:43:12,501 - aqt.helper - INFO - helper 4824 Downloading d3dcompiler_47...
2026-07-19 19:43:12,501 - aqt.installer - DEBUG - installer 4824 Download URL: https://download.qt.io/online/qtsdkrepository/windows_x86/desktop/qt6_6103/qt6_6103/qt.qt6.6103.win64_msvc2022_64/6.10.3-0-202603310407d3dcompiler_47-x64.7z
2026-07-19 19:43:13,006 - aqt.helper - DEBUG - helper 4824 Asked to redirect(302) to: https://ftp.jaist.ac.jp/pub/qtproject/online/qtsdkrepository/windows_x86/desktop/qt6_6103/qt6_6103/qt.qt6.6103.win64_msvc2022_64/6.10.3-0-202603310407d3dcompiler_47-x64.7z
2026-07-19 19:43:13,006 - aqt.helper - INFO - helper 4824 Redirected: ftp.jaist.ac.jp
2026-07-19 19:43:18,177 - aqt.installer - INFO - installer 4824 Finished installation of d3dcompiler_47-x64.7z in 6.11645960
2026-07-19 19:43:18,184 - aqt.helper - DEBUG - helper 4824 Attempt to download checksum at https://download.qt.io/online/qtsdkrepository/windows_x86/desktop/qt6_6103/qt6_6103/qt.qt6.6103.win64_msvc2022_64/6.10.3-0-202603310407opengl32sw-64-mesa_11_2_2-signed_sha256.7z.sha256
2026-07-19 19:43:18,589 - aqt.helper - INFO - helper 4824 Downloading opengl32sw...
2026-07-19 19:43:18,589 - aqt.installer - DEBUG - installer 4824 Download URL: https://download.qt.io/online/qtsdkrepository/windows_x86/desktop/qt6_6103/qt6_6103/qt.qt6.6103.win64_msvc2022_64/6.10.3-0-202603310407opengl32sw-64-mesa_11_2_2-signed_sha256.7z
2026-07-19 19:43:19,022 - aqt.helper - DEBUG - helper 4824 Asked to redirect(302) to: https://ftp.jaist.ac.jp/pub/qtproject/online/qtsdkrepository/windows_x86/desktop/qt6_6103/qt6_6103/qt.qt6.6103.win64_msvc2022_64/6.10.3-0-202603310407opengl32sw-64-mesa_11_2_2-signed_sha256.7z
2026-07-19 19:43:19,023 - aqt.helper - INFO - helper 4824 Redirected: ftp.jaist.ac.jp
2026-07-19 19:43:25,615 - aqt.installer - INFO - installer 16612 Finished installation of qttools-Windows-Windows_11_24H2-MSVC2022-Windows-Windows_11_24H2-X86_64.7z in 28.10967950
2026-07-19 19:43:29,819 - aqt.installer - INFO - installer 4824 Finished installation of opengl32sw-64-mesa_11_2_2-signed_sha256.7z in 11.63618300
2026-07-19 19:43:46,113 - aqt.installer - INFO - installer 7748 Finished installation of qtbase-Windows-Windows_11_24H2-MSVC2022-Windows-Windows_11_24H2-X86_64.7z in 48.71881440
2026-07-19 19:45:22,829 - aqt.installer - INFO - installer 16240 Finished installation of qtdeclarative-Windows-Windows_11_24H2-MSVC2022-Windows-Windows_11_24H2-X86_64.7z in 145.34047530
2026-07-19 19:45:23,008 - aqt.updater - INFO - updater 15740 Patching C:\Users\egora\Qt\6.10.3\msvc2022_64\bin\qmake.exe
2026-07-19 19:45:23,011 - aqt.updater - INFO - updater 15740 Patching C:\Users\egora\Qt\6.10.3\msvc2022_64\lib\Qt6Concurrent.prl
2026-07-19 19:45:23,015 - aqt.updater - INFO - updater 15740 Patching C:\Users\egora\Qt\6.10.3\msvc2022_64\lib\Qt6Concurrentd.prl
2026-07-19 19:45:23,020 - aqt.updater - INFO - updater 15740 Patching C:\Users\egora\Qt\6.10.3\msvc2022_64\lib\Qt6Core.prl
2026-07-19 19:45:23,024 - aqt.updater - INFO - updater 15740 Patching C:\Users\egora\Qt\6.10.3\msvc2022_64\lib\Qt6Cored.prl
2026-07-19 19:45:23,028 - aqt.updater - INFO - updater 15740 Patching C:\Users\egora\Qt\6.10.3\msvc2022_64\lib\Qt6DBus.prl
2026-07-19 19:45:23,032 - aqt.updater - INFO - updater 15740 Patching C:\Users\egora\Qt\6.10.3\msvc2022_64\lib\Qt6DBusd.prl
2026-07-19 19:45:23,036 - aqt.updater - INFO - updater 15740 Patching C:\Users\egora\Qt\6.10.3\msvc2022_64\lib\Qt6Designer.prl
2026-07-19 19:45:23,040 - aqt.updater - INFO - updater 15740 Patching C:\Users\egora\Qt\6.10.3\msvc2022_64\lib\Qt6DesignerComponents.prl
2026-07-19 19:45:23,044 - aqt.updater - INFO - updater 15740 Patching C:\Users\egora\Qt\6.10.3\msvc2022_64\lib\Qt6DesignerComponentsd.prl
2026-07-19 19:45:23,048 - aqt.updater - INFO - updater 15740 Patching C:\Users\egora\Qt\6.10.3\msvc2022_64\lib\Qt6Designerd.prl
2026-07-19 19:45:23,052 - aqt.updater - INFO - updater 15740 Patching C:\Users\egora\Qt\6.10.3\msvc2022_64\lib\Qt6DeviceDiscoverySupport.prl
2026-07-19 19:45:23,055 - aqt.updater - INFO - updater 15740 Patching C:\Users\egora\Qt\6.10.3\msvc2022_64\lib\Qt6DeviceDiscoverySupportd.prl
2026-07-19 19:45:23,059 - aqt.updater - INFO - updater 15740 Patching C:\Users\egora\Qt\6.10.3\msvc2022_64\lib\Qt6EntryPoint.prl
2026-07-19 19:45:23,063 - aqt.updater - INFO - updater 15740 Patching C:\Users\egora\Qt\6.10.3\msvc2022_64\lib\Qt6EntryPointd.prl
2026-07-19 19:45:23,066 - aqt.updater - INFO - updater 15740 Patching C:\Users\egora\Qt\6.10.3\msvc2022_64\lib\Qt6ExampleIcons.prl
2026-07-19 19:45:23,070 - aqt.updater - INFO - updater 15740 Patching C:\Users\egora\Qt\6.10.3\msvc2022_64\lib\Qt6ExampleIconsd.prl
2026-07-19 19:45:23,074 - aqt.updater - INFO - updater 15740 Patching C:\Users\egora\Qt\6.10.3\msvc2022_64\lib\Qt6ExamplesAssetDownloader.prl
2026-07-19 19:45:23,077 - aqt.updater - INFO - updater 15740 Patching C:\Users\egora\Qt\6.10.3\msvc2022_64\lib\Qt6ExamplesAssetDownloaderd.prl
2026-07-19 19:45:23,081 - aqt.updater - INFO - updater 15740 Patching C:\Users\egora\Qt\6.10.3\msvc2022_64\lib\Qt6FbSupport.prl
2026-07-19 19:45:23,085 - aqt.updater - INFO - updater 15740 Patching C:\Users\egora\Qt\6.10.3\msvc2022_64\lib\Qt6FbSupportd.prl
2026-07-19 19:45:23,089 - aqt.updater - INFO - updater 15740 Patching C:\Users\egora\Qt\6.10.3\msvc2022_64\lib\Qt6Gui.prl
2026-07-19 19:45:23,092 - aqt.updater - INFO - updater 15740 Patching C:\Users\egora\Qt\6.10.3\msvc2022_64\lib\Qt6Guid.prl
2026-07-19 19:45:23,096 - aqt.updater - INFO - updater 15740 Patching C:\Users\egora\Qt\6.10.3\msvc2022_64\lib\Qt6Help.prl
2026-07-19 19:45:23,100 - aqt.updater - INFO - updater 15740 Patching C:\Users\egora\Qt\6.10.3\msvc2022_64\lib\Qt6Helpd.prl
2026-07-19 19:45:23,103 - aqt.updater - INFO - updater 15740 Patching C:\Users\egora\Qt\6.10.3\msvc2022_64\lib\Qt6LabsAnimation.prl
2026-07-19 19:45:23,107 - aqt.updater - INFO - updater 15740 Patching C:\Users\egora\Qt\6.10.3\msvc2022_64\lib\Qt6LabsAnimationd.prl
2026-07-19 19:45:23,111 - aqt.updater - INFO - updater 15740 Patching C:\Users\egora\Qt\6.10.3\msvc2022_64\lib\Qt6LabsFolderListModel.prl
2026-07-19 19:45:23,114 - aqt.updater - INFO - updater 15740 Patching C:\Users\egora\Qt\6.10.3\msvc2022_64\lib\Qt6LabsFolderListModeld.prl
2026-07-19 19:45:23,118 - aqt.updater - INFO - updater 15740 Patching C:\Users\egora\Qt\6.10.3\msvc2022_64\lib\Qt6LabsPlatform.prl
2026-07-19 19:45:23,121 - aqt.updater - INFO - updater 15740 Patching C:\Users\egora\Qt\6.10.3\msvc2022_64\lib\Qt6LabsPlatformd.prl
2026-07-19 19:45:23,125 - aqt.updater - INFO - updater 15740 Patching C:\Users\egora\Qt\6.10.3\msvc2022_64\lib\Qt6LabsQmlModels.prl
2026-07-19 19:45:23,129 - aqt.updater - INFO - updater 15740 Patching C:\Users\egora\Qt\6.10.3\msvc2022_64\lib\Qt6LabsQmlModelsd.prl
2026-07-19 19:45:23,133 - aqt.updater - INFO - updater 15740 Patching C:\Users\egora\Qt\6.10.3\msvc2022_64\lib\Qt6LabsSettings.prl
2026-07-19 19:45:23,137 - aqt.updater - INFO - updater 15740 Patching C:\Users\egora\Qt\6.10.3\msvc2022_64\lib\Qt6LabsSettingsd.prl
2026-07-19 19:45:23,141 - aqt.updater - INFO - updater 15740 Patching C:\Users\egora\Qt\6.10.3\msvc2022_64\lib\Qt6LabsSharedImage.prl
2026-07-19 19:45:23,145 - aqt.updater - INFO - updater 15740 Patching C:\Users\egora\Qt\6.10.3\msvc2022_64\lib\Qt6LabsSharedImaged.prl
2026-07-19 19:45:23,149 - aqt.updater - INFO - updater 15740 Patching C:\Users\egora\Qt\6.10.3\msvc2022_64\lib\Qt6LabsSynchronizer.prl
2026-07-19 19:45:23,153 - aqt.updater - INFO - updater 15740 Patching C:\Users\egora\Qt\6.10.3\msvc2022_64\lib\Qt6LabsSynchronizerd.prl
2026-07-19 19:45:23,157 - aqt.updater - INFO - updater 15740 Patching C:\Users\egora\Qt\6.10.3\msvc2022_64\lib\Qt6LabsWavefrontMesh.prl
2026-07-19 19:45:23,160 - aqt.updater - INFO - updater 15740 Patching C:\Users\egora\Qt\6.10.3\msvc2022_64\lib\Qt6LabsWavefrontMeshd.prl
2026-07-19 19:45:23,164 - aqt.updater - INFO - updater 15740 Patching C:\Users\egora\Qt\6.10.3\msvc2022_64\lib\Qt6Network.prl
2026-07-19 19:45:23,167 - aqt.updater - INFO - updater 15740 Patching C:\Users\egora\Qt\6.10.3\msvc2022_64\lib\Qt6Networkd.prl
2026-07-19 19:45:23,171 - aqt.updater - INFO - updater 15740 Patching C:\Users\egora\Qt\6.10.3\msvc2022_64\lib\Qt6OpenGL.prl
2026-07-19 19:45:23,174 - aqt.updater - INFO - updater 15740 Patching C:\Users\egora\Qt\6.10.3\msvc2022_64\lib\Qt6OpenGLd.prl
2026-07-19 19:45:23,178 - aqt.updater - INFO - updater 15740 Patching C:\Users\egora\Qt\6.10.3\msvc2022_64\lib\Qt6OpenGLWidgets.prl
2026-07-19 19:45:23,181 - aqt.updater - INFO - updater 15740 Patching C:\Users\egora\Qt\6.10.3\msvc2022_64\lib\Qt6OpenGLWidgetsd.prl
2026-07-19 19:45:23,185 - aqt.updater - INFO - updater 15740 Patching C:\Users\egora\Qt\6.10.3\msvc2022_64\lib\Qt6PacketProtocol.prl
2026-07-19 19:45:23,188 - aqt.updater - INFO - updater 15740 Patching C:\Users\egora\Qt\6.10.3\msvc2022_64\lib\Qt6PacketProtocold.prl
2026-07-19 19:45:23,192 - aqt.updater - INFO - updater 15740 Patching C:\Users\egora\Qt\6.10.3\msvc2022_64\lib\Qt6PrintSupport.prl
2026-07-19 19:45:23,196 - aqt.updater - INFO - updater 15740 Patching C:\Users\egora\Qt\6.10.3\msvc2022_64\lib\Qt6PrintSupportd.prl
2026-07-19 19:45:23,200 - aqt.updater - INFO - updater 15740 Patching C:\Users\egora\Qt\6.10.3\msvc2022_64\lib\Qt6Qml.prl
2026-07-19 19:45:23,203 - aqt.updater - INFO - updater 15740 Patching C:\Users\egora\Qt\6.10.3\msvc2022_64\lib\Qt6QmlAssetDownloader.prl
2026-07-19 19:45:23,207 - aqt.updater - INFO - updater 15740 Patching C:\Users\egora\Qt\6.10.3\msvc2022_64\lib\Qt6QmlAssetDownloaderd.prl
2026-07-19 19:45:23,211 - aqt.updater - INFO - updater 15740 Patching C:\Users\egora\Qt\6.10.3\msvc2022_64\lib\Qt6QmlCompiler.prl
2026-07-19 19:45:23,214 - aqt.updater - INFO - updater 15740 Patching C:\Users\egora\Qt\6.10.3\msvc2022_64\lib\Qt6QmlCompilerd.prl
2026-07-19 19:45:23,218 - aqt.updater - INFO - updater 15740 Patching C:\Users\egora\Qt\6.10.3\msvc2022_64\lib\Qt6QmlCore.prl
2026-07-19 19:45:23,221 - aqt.updater - INFO - updater 15740 Patching C:\Users\egora\Qt\6.10.3\msvc2022_64\lib\Qt6QmlCored.prl
2026-07-19 19:45:23,227 - aqt.updater - INFO - updater 15740 Patching C:\Users\egora\Qt\6.10.3\msvc2022_64\lib\Qt6Qmld.prl
2026-07-19 19:45:23,230 - aqt.updater - INFO - updater 15740 Patching C:\Users\egora\Qt\6.10.3\msvc2022_64\lib\Qt6QmlDebug.prl
2026-07-19 19:45:23,243 - aqt.updater - INFO - updater 15740 Patching C:\Users\egora\Qt\6.10.3\msvc2022_64\lib\Qt6QmlDebugd.prl
2026-07-19 19:45:23,265 - aqt.updater - INFO - updater 15740 Patching C:\Users\egora\Qt\6.10.3\msvc2022_64\lib\Qt6QmlDom.prl
2026-07-19 19:45:23,277 - aqt.updater - INFO - updater 15740 Patching C:\Users\egora\Qt\6.10.3\msvc2022_64\lib\Qt6QmlDomd.prl
2026-07-19 19:45:23,292 - aqt.updater - INFO - updater 15740 Patching C:\Users\egora\Qt\6.10.3\msvc2022_64\lib\Qt6QmlFormat.prl
2026-07-19 19:45:23,314 - aqt.updater - INFO - updater 15740 Patching C:\Users\egora\Qt\6.10.3\msvc2022_64\lib\Qt6QmlFormatd.prl
2026-07-19 19:45:23,336 - aqt.updater - INFO - updater 15740 Patching C:\Users\egora\Qt\6.10.3\msvc2022_64\lib\Qt6QmlLocalStorage.prl
2026-07-19 19:45:23,358 - aqt.updater - INFO - updater 15740 Patching C:\Users\egora\Qt\6.10.3\msvc2022_64\lib\Qt6QmlLocalStoraged.prl
2026-07-19 19:45:23,378 - aqt.updater - INFO - updater 15740 Patching C:\Users\egora\Qt\6.10.3\msvc2022_64\lib\Qt6QmlLS.prl
2026-07-19 19:45:23,401 - aqt.updater - INFO - updater 15740 Patching C:\Users\egora\Qt\6.10.3\msvc2022_64\lib\Qt6QmlLSd.prl
2026-07-19 19:45:23,422 - aqt.updater - INFO - updater 15740 Patching C:\Users\egora\Qt\6.10.3\msvc2022_64\lib\Qt6QmlMeta.prl
2026-07-19 19:45:23,437 - aqt.updater - INFO - updater 15740 Patching C:\Users\egora\Qt\6.10.3\msvc2022_64\lib\Qt6QmlMetad.prl
2026-07-19 19:45:23,452 - aqt.updater - INFO - updater 15740 Patching C:\Users\egora\Qt\6.10.3\msvc2022_64\lib\Qt6QmlModels.prl
2026-07-19 19:45:23,467 - aqt.updater - INFO - updater 15740 Patching C:\Users\egora\Qt\6.10.3\msvc2022_64\lib\Qt6QmlModelsd.prl
2026-07-19 19:45:23,486 - aqt.updater - INFO - updater 15740 Patching C:\Users\egora\Qt\6.10.3\msvc2022_64\lib\Qt6QmlNetwork.prl
2026-07-19 19:45:23,507 - aqt.updater - INFO - updater 15740 Patching C:\Users\egora\Qt\6.10.3\msvc2022_64\lib\Qt6QmlNetworkd.prl
2026-07-19 19:45:23,527 - aqt.updater - INFO - updater 15740 Patching C:\Users\egora\Qt\6.10.3\msvc2022_64\lib\Qt6QmlToolingSettings.prl
2026-07-19 19:45:23,544 - aqt.updater - INFO - updater 15740 Patching C:\Users\egora\Qt\6.10.3\msvc2022_64\lib\Qt6QmlToolingSettingsd.prl
2026-07-19 19:45:23,564 - aqt.updater - INFO - updater 15740 Patching C:\Users\egora\Qt\6.10.3\msvc2022_64\lib\Qt6QmlTypeRegistrar.prl
2026-07-19 19:45:23,583 - aqt.updater - INFO - updater 15740 Patching C:\Users\egora\Qt\6.10.3\msvc2022_64\lib\Qt6QmlTypeRegistrard.prl
2026-07-19 19:45:23,606 - aqt.updater - INFO - updater 15740 Patching C:\Users\egora\Qt\6.10.3\msvc2022_64\lib\Qt6QmlWorkerScript.prl
2026-07-19 19:45:23,630 - aqt.updater - INFO - updater 15740 Patching C:\Users\egora\Qt\6.10.3\msvc2022_64\lib\Qt6QmlWorkerScriptd.prl
2026-07-19 19:45:23,665 - aqt.updater - INFO - updater 15740 Patching C:\Users\egora\Qt\6.10.3\msvc2022_64\lib\Qt6QmlXmlListModel.prl
2026-07-19 19:45:23,687 - aqt.updater - INFO - updater 15740 Patching C:\Users\egora\Qt\6.10.3\msvc2022_64\lib\Qt6QmlXmlListModeld.prl
2026-07-19 19:45:23,737 - aqt.updater - INFO - updater 15740 Patching C:\Users\egora\Qt\6.10.3\msvc2022_64\lib\Qt6Quick.prl
2026-07-19 19:45:23,755 - aqt.updater - INFO - updater 15740 Patching C:\Users\egora\Qt\6.10.3\msvc2022_64\lib\Qt6QuickControls2.prl
2026-07-19 19:45:23,772 - aqt.updater - INFO - updater 15740 Patching C:\Users\egora\Qt\6.10.3\msvc2022_64\lib\Qt6QuickControls2Basic.prl
2026-07-19 19:45:23,793 - aqt.updater - INFO - updater 15740 Patching C:\Users\egora\Qt\6.10.3\msvc2022_64\lib\Qt6QuickControls2Basicd.prl
2026-07-19 19:45:23,812 - aqt.updater - INFO - updater 15740 Patching C:\Users\egora\Qt\6.10.3\msvc2022_64\lib\Qt6QuickControls2BasicStyleImpl.prl
2026-07-19 19:45:23,832 - aqt.updater - INFO - updater 15740 Patching C:\Users\egora\Qt\6.10.3\msvc2022_64\lib\Qt6QuickControls2BasicStyleImpld.prl
2026-07-19 19:45:23,854 - aqt.updater - INFO - updater 15740 Patching C:\Users\egora\Qt\6.10.3\msvc2022_64\lib\Qt6QuickControls2d.prl
2026-07-19 19:45:23,874 - aqt.updater - INFO - updater 15740 Patching C:\Users\egora\Qt\6.10.3\msvc2022_64\lib\Qt6QuickControls2FluentWinUI3StyleImpl.prl
2026-07-19 19:45:23,889 - aqt.updater - INFO - updater 15740 Patching C:\Users\egora\Qt\6.10.3\msvc2022_64\lib\Qt6QuickControls2FluentWinUI3StyleImpld.prl
2026-07-19 19:45:23,909 - aqt.updater - INFO - updater 15740 Patching C:\Users\egora\Qt\6.10.3\msvc2022_64\lib\Qt6QuickControls2Fusion.prl
2026-07-19 19:45:23,926 - aqt.updater - INFO - updater 15740 Patching C:\Users\egora\Qt\6.10.3\msvc2022_64\lib\Qt6QuickControls2Fusiond.prl
2026-07-19 19:45:23,946 - aqt.updater - INFO - updater 15740 Patching C:\Users\egora\Qt\6.10.3\msvc2022_64\lib\Qt6QuickControls2FusionStyleImpl.prl
2026-07-19 19:45:23,963 - aqt.updater - INFO - updater 15740 Patching C:\Users\egora\Qt\6.10.3\msvc2022_64\lib\Qt6QuickControls2FusionStyleImpld.prl
2026-07-19 19:45:23,977 - aqt.updater - INFO - updater 15740 Patching C:\Users\egora\Qt\6.10.3\msvc2022_64\lib\Qt6QuickControls2Imagine.prl
2026-07-19 19:45:23,997 - aqt.updater - INFO - updater 15740 Patching C:\Users\egora\Qt\6.10.3\msvc2022_64\lib\Qt6QuickControls2Imagined.prl
2026-07-19 19:45:24,013 - aqt.updater - INFO - updater 15740 Patching C:\Users\egora\Qt\6.10.3\msvc2022_64\lib\Qt6QuickControls2ImagineStyleImpl.prl
2026-07-19 19:45:24,028 - aqt.updater - INFO - updater 15740 Patching C:\Users\egora\Qt\6.10.3\msvc2022_64\lib\Qt6QuickControls2ImagineStyleImpld.prl
2026-07-19 19:45:24,058 - aqt.updater - INFO - updater 15740 Patching C:\Users\egora\Qt\6.10.3\msvc2022_64\lib\Qt6QuickControls2Impl.prl
2026-07-19 19:45:24,078 - aqt.updater - INFO - updater 15740 Patching C:\Users\egora\Qt\6.10.3\msvc2022_64\lib\Qt6QuickControls2Impld.prl
2026-07-19 19:45:24,097 - aqt.updater - INFO - updater 15740 Patching C:\Users\egora\Qt\6.10.3\msvc2022_64\lib\Qt6QuickControls2Material.prl
2026-07-19 19:45:24,117 - aqt.updater - INFO - updater 15740 Patching C:\Users\egora\Qt\6.10.3\msvc2022_64\lib\Qt6QuickControls2Materiald.prl
2026-07-19 19:45:24,128 - aqt.updater - INFO - updater 15740 Patching C:\Users\egora\Qt\6.10.3\msvc2022_64\lib\Qt6QuickControls2MaterialStyleImpl.prl
2026-07-19 19:45:24,137 - aqt.updater - INFO - updater 15740 Patching C:\Users\egora\Qt\6.10.3\msvc2022_64\lib\Qt6QuickControls2MaterialStyleImpld.prl
2026-07-19 19:45:24,146 - aqt.updater - INFO - updater 15740 Patching C:\Users\egora\Qt\6.10.3\msvc2022_64\lib\Qt6QuickControls2Universal.prl
2026-07-19 19:45:24,175 - aqt.updater - INFO - updater 15740 Patching C:\Users\egora\Qt\6.10.3\msvc2022_64\lib\Qt6QuickControls2Universald.prl
2026-07-19 19:45:24,189 - aqt.updater - INFO - updater 15740 Patching C:\Users\egora\Qt\6.10.3\msvc2022_64\lib\Qt6QuickControls2UniversalStyleImpl.prl
2026-07-19 19:45:24,210 - aqt.updater - INFO - updater 15740 Patching C:\Users\egora\Qt\6.10.3\msvc2022_64\lib\Qt6QuickControls2UniversalStyleImpld.prl
2026-07-19 19:45:24,228 - aqt.updater - INFO - updater 15740 Patching C:\Users\egora\Qt\6.10.3\msvc2022_64\lib\Qt6QuickControls2WindowsStyleImpl.prl
2026-07-19 19:45:24,249 - aqt.updater - INFO - updater 15740 Patching C:\Users\egora\Qt\6.10.3\msvc2022_64\lib\Qt6QuickControls2WindowsStyleImpld.prl
2026-07-19 19:45:24,264 - aqt.updater - INFO - updater 15740 Patching C:\Users\egora\Qt\6.10.3\msvc2022_64\lib\Qt6QuickControlsTestUtils.prl
2026-07-19 19:45:24,290 - aqt.updater - INFO - updater 15740 Patching C:\Users\egora\Qt\6.10.3\msvc2022_64\lib\Qt6QuickControlsTestUtilsd.prl
2026-07-19 19:45:24,315 - aqt.updater - INFO - updater 15740 Patching C:\Users\egora\Qt\6.10.3\msvc2022_64\lib\Qt6Quickd.prl
2026-07-19 19:45:24,333 - aqt.updater - INFO - updater 15740 Patching C:\Users\egora\Qt\6.10.3\msvc2022_64\lib\Qt6QuickDialogs2.prl
2026-07-19 19:45:24,346 - aqt.updater - INFO - updater 15740 Patching C:\Users\egora\Qt\6.10.3\msvc2022_64\lib\Qt6QuickDialogs2d.prl
2026-07-19 19:45:24,367 - aqt.updater - INFO - updater 15740 Patching C:\Users\egora\Qt\6.10.3\msvc2022_64\lib\Qt6QuickDialogs2QuickImpl.prl
2026-07-19 19:45:24,389 - aqt.updater - INFO - updater 15740 Patching C:\Users\egora\Qt\6.10.3\msvc2022_64\lib\Qt6QuickDialogs2QuickImpld.prl
2026-07-19 19:45:24,407 - aqt.updater - INFO - updater 15740 Patching C:\Users\egora\Qt\6.10.3\msvc2022_64\lib\Qt6QuickDialogs2Utils.prl
2026-07-19 19:45:24,426 - aqt.updater - INFO - updater 15740 Patching C:\Users\egora\Qt\6.10.3\msvc2022_64\lib\Qt6QuickDialogs2Utilsd.prl
2026-07-19 19:45:24,452 - aqt.updater - INFO - updater 15740 Patching C:\Users\egora\Qt\6.10.3\msvc2022_64\lib\Qt6QuickEffects.prl
2026-07-19 19:45:24,473 - aqt.updater - INFO - updater 15740 Patching C:\Users\egora\Qt\6.10.3\msvc2022_64\lib\Qt6QuickEffectsd.prl
2026-07-19 19:45:24,489 - aqt.updater - INFO - updater 15740 Patching C:\Users\egora\Qt\6.10.3\msvc2022_64\lib\Qt6QuickLayouts.prl
2026-07-19 19:45:24,507 - aqt.updater - INFO - updater 15740 Patching C:\Users\egora\Qt\6.10.3\msvc2022_64\lib\Qt6QuickLayoutsd.prl
2026-07-19 19:45:24,525 - aqt.updater - INFO - updater 15740 Patching C:\Users\egora\Qt\6.10.3\msvc2022_64\lib\Qt6QuickParticles.prl
2026-07-19 19:45:24,543 - aqt.updater - INFO - updater 15740 Patching C:\Users\egora\Qt\6.10.3\msvc2022_64\lib\Qt6QuickParticlesd.prl
2026-07-19 19:45:24,569 - aqt.updater - INFO - updater 15740 Patching C:\Users\egora\Qt\6.10.3\msvc2022_64\lib\Qt6QuickShapes.prl
2026-07-19 19:45:24,616 - aqt.updater - INFO - updater 15740 Patching C:\Users\egora\Qt\6.10.3\msvc2022_64\lib\Qt6QuickShapesd.prl
2026-07-19 19:45:24,633 - aqt.updater - INFO - updater 15740 Patching C:\Users\egora\Qt\6.10.3\msvc2022_64\lib\Qt6QuickShapesDesignHelpers.prl
2026-07-19 19:45:24,657 - aqt.updater - INFO - updater 15740 Patching C:\Users\egora\Qt\6.10.3\msvc2022_64\lib\Qt6QuickShapesDesignHelpersd.prl
2026-07-19 19:45:24,682 - aqt.updater - INFO - updater 15740 Patching C:\Users\egora\Qt\6.10.3\msvc2022_64\lib\Qt6QuickTemplates2.prl
2026-07-19 19:45:24,703 - aqt.updater - INFO - updater 15740 Patching C:\Users\egora\Qt\6.10.3\msvc2022_64\lib\Qt6QuickTemplates2d.prl
2026-07-19 19:45:24,723 - aqt.updater - INFO - updater 15740 Patching C:\Users\egora\Qt\6.10.3\msvc2022_64\lib\Qt6QuickTest.prl
2026-07-19 19:45:24,742 - aqt.updater - INFO - updater 15740 Patching C:\Users\egora\Qt\6.10.3\msvc2022_64\lib\Qt6QuickTestd.prl
2026-07-19 19:45:24,758 - aqt.updater - INFO - updater 15740 Patching C:\Users\egora\Qt\6.10.3\msvc2022_64\lib\Qt6QuickTestUtils.prl
2026-07-19 19:45:24,784 - aqt.updater - INFO - updater 15740 Patching C:\Users\egora\Qt\6.10.3\msvc2022_64\lib\Qt6QuickTestUtilsd.prl
2026-07-19 19:45:24,805 - aqt.updater - INFO - updater 15740 Patching C:\Users\egora\Qt\6.10.3\msvc2022_64\lib\Qt6QuickVectorImage.prl
2026-07-19 19:45:24,827 - aqt.updater - INFO - updater 15740 Patching C:\Users\egora\Qt\6.10.3\msvc2022_64\lib\Qt6QuickVectorImaged.prl
2026-07-19 19:45:24,861 - aqt.updater - INFO - updater 15740 Patching C:\Users\egora\Qt\6.10.3\msvc2022_64\lib\Qt6QuickVectorImageGenerator.prl
2026-07-19 19:45:24,898 - aqt.updater - INFO - updater 15740 Patching C:\Users\egora\Qt\6.10.3\msvc2022_64\lib\Qt6QuickVectorImageGeneratord.prl
2026-07-19 19:45:24,925 - aqt.updater - INFO - updater 15740 Patching C:\Users\egora\Qt\6.10.3\msvc2022_64\lib\Qt6QuickVectorImageHelpers.prl
2026-07-19 19:45:24,946 - aqt.updater - INFO - updater 15740 Patching C:\Users\egora\Qt\6.10.3\msvc2022_64\lib\Qt6QuickVectorImageHelpersd.prl
2026-07-19 19:45:24,961 - aqt.updater - INFO - updater 15740 Patching C:\Users\egora\Qt\6.10.3\msvc2022_64\lib\Qt6QuickWidgets.prl
2026-07-19 19:45:24,982 - aqt.updater - INFO - updater 15740 Patching C:\Users\egora\Qt\6.10.3\msvc2022_64\lib\Qt6QuickWidgetsd.prl
2026-07-19 19:45:24,996 - aqt.updater - INFO - updater 15740 Patching C:\Users\egora\Qt\6.10.3\msvc2022_64\lib\Qt6Sql.prl
2026-07-19 19:45:25,013 - aqt.updater - INFO - updater 15740 Patching C:\Users\egora\Qt\6.10.3\msvc2022_64\lib\Qt6Sqld.prl
2026-07-19 19:45:25,030 - aqt.updater - INFO - updater 15740 Patching C:\Users\egora\Qt\6.10.3\msvc2022_64\lib\Qt6Svg.prl
2026-07-19 19:45:25,050 - aqt.updater - INFO - updater 15740 Patching C:\Users\egora\Qt\6.10.3\msvc2022_64\lib\Qt6Svgd.prl
2026-07-19 19:45:25,066 - aqt.updater - INFO - updater 15740 Patching C:\Users\egora\Qt\6.10.3\msvc2022_64\lib\Qt6SvgWidgets.prl
2026-07-19 19:45:25,089 - aqt.updater - INFO - updater 15740 Patching C:\Users\egora\Qt\6.10.3\msvc2022_64\lib\Qt6SvgWidgetsd.prl
2026-07-19 19:45:25,102 - aqt.updater - INFO - updater 15740 Patching C:\Users\egora\Qt\6.10.3\msvc2022_64\lib\Qt6Test.prl
2026-07-19 19:45:25,126 - aqt.updater - INFO - updater 15740 Patching C:\Users\egora\Qt\6.10.3\msvc2022_64\lib\Qt6Testd.prl
2026-07-19 19:45:25,147 - aqt.updater - INFO - updater 15740 Patching C:\Users\egora\Qt\6.10.3\msvc2022_64\lib\Qt6UiTools.prl
2026-07-19 19:45:25,168 - aqt.updater - INFO - updater 15740 Patching C:\Users\egora\Qt\6.10.3\msvc2022_64\lib\Qt6UiToolsd.prl
2026-07-19 19:45:25,189 - aqt.updater - INFO - updater 15740 Patching C:\Users\egora\Qt\6.10.3\msvc2022_64\lib\Qt6Widgets.prl
2026-07-19 19:45:25,205 - aqt.updater - INFO - updater 15740 Patching C:\Users\egora\Qt\6.10.3\msvc2022_64\lib\Qt6Widgetsd.prl
2026-07-19 19:45:25,222 - aqt.updater - INFO - updater 15740 Patching C:\Users\egora\Qt\6.10.3\msvc2022_64\lib\Qt6Xml.prl
2026-07-19 19:45:25,237 - aqt.updater - INFO - updater 15740 Patching C:\Users\egora\Qt\6.10.3\msvc2022_64\lib\Qt6Xmld.prl
2026-07-19 19:45:25,257 - aqt.main - INFO - installer 15740 Finished installation
2026-07-19 19:45:25,257 - aqt.main - INFO - installer 15740 Time elapsed: 151.46012920 second
